// Jest Snapshot v1, https://goo.gl/fbAQLP

exports[`App renders correctly 1`] = `
<div
  computedMatch={
    Object {
      "isExact": true,
      "params": Object {},
      "path": "/",
      "url": "/",
    }
  }
  location={
    Object {
      "hash": "",
      "pathname": "/",
      "search": "",
      "state": undefined,
    }
  }
>
  <div>
    <nav>
      <h1
        className="title"
      >
        Math Magicians
      </h1>
      <ul>
        <a
          href="/"
          onClick={[Function]}
        >
          <li
            style={
              Object {
                "color": "white",
              }
            }
          >
            Home
          </li>
        </a>
        <a
          href="/calculator"
          onClick={[Function]}
        >
          <li
            className="middle"
            style={
              Object {
                "color": "white",
              }
            }
          >
            Calculator
          </li>
        </a>
        <a
          href="/quote"
          onClick={[Function]}
        >
          <li
            style={
              Object {
                "color": "white",
              }
            }
          >
            Quote
          </li>
        </a>
      </ul>
    </nav>
  </div>
  <div
    className="home-holder"
  >
    <h2
      className="home-title"
    >
      Welcome to my app!
    </h2>
    <p
      className="home-text"
    >
      Lorem ipsum dolor sit amet consectetur adipisicing elit. Aperiam quis deserunt ut. Expedita delectus, ipsam aperiam iure optio hic praesentium modi repellat in nam ut soluta dolore ex illum nisi. Lorem ipsum dolor sit amet consectetur adipisicing elit. Aperiam quis deserunt ut. Expedita delectus, ipsam aperiam iure optio hic praesentium modi repellat in nam ut soluta dolore ex illum nisi. Lorem ipsum dolor sit amet consectetur adipisicing elit. Aperiam quis deserunt ut. Expedita delectus, ipsam aperiam iure optio hic praesentium modi repellat in nam ut soluta dolore ex illum nisi. Lorem ipsum dolor sit amet consectetur adipisicing elit. Aperiam quis deserunt ut. Expedita delectus, ipsam aperiam iure optio hic praesentium modi repellat in nam ut soluta dolore ex illum nisi.
    </p>
  </div>
</div>
`;
