// Jest Snapshot v1, https://goo.gl/fbAQLP

exports[`Navbar renders correctly 1`] = `
<div>
  <nav>
    <h1
      className="title"
    >
      Math Magicians
    </h1>
    <ul>
      <a
        href="/"
        onClick={[Function]}
      >
        <li
          style={
            Object {
              "color": "white",
            }
          }
        >
          Home
        </li>
      </a>
      <a
        href="/calculator"
        onClick={[Function]}
      >
        <li
          className="middle"
          style={
            Object {
              "color": "white",
            }
          }
        >
          Calculator
        </li>
      </a>
      <a
        href="/quote"
        onClick={[Function]}
      >
        <li
          style={
            Object {
              "color": "white",
            }
          }
        >
          Quote
        </li>
      </a>
    </ul>
  </nav>
</div>
`;
